<html>
<body>
<pre>
<h1>µVision Build Log</h1>
<h2>Tool Versions:</h2>
IDE-Version: ¦ÌVision V5.22.0.0
Copyright (C) 2016 ARM Ltd and ARM Germany GmbH. All rights reserved.
License Information: Liu Evan, HuiHua, LIC=GMZI6-DE95K-IIR5V-PA3WX-1KVDU-LDB4N
 
Tool Versions:
Toolchain:       MDK-ARM Plus  Version: 5.22
Toolchain Path:  E:\Keil_v5\ARM\ARMCC\Bin
C Compiler:      Armcc.exe V5.06 update 4 (build 422)
Assembler:       Armasm.exe V5.06 update 4 (build 422)
Linker/Locator:  ArmLink.exe V5.06 update 4 (build 422)
Library Manager: ArmAr.exe V5.06 update 4 (build 422)
Hex Converter:   FromElf.exe V5.06 update 4 (build 422)
CPU DLL:         SARMCM3.DLL V5.22
Dialog DLL:      DCM.DLL V1.13.9.0
Target DLL:      STLink\ST-LINKIII-KEIL_SWO.dll V2.0.18.0
Dialog DLL:      TCM.DLL V1.21.0.0
 
<h2>Project:</h2>
A:\Work_Files\Fixtures_Program\Chicony-2026\Fraction V3\Fixture Files\Gopro F3 MLB_ LCD FPC OS  Function\Fixture Program\USER\192 Open Short Test Board.uvprojx
Project File Date:  06/01/2025

<h2>Output:</h2>
*** Using Compiler 'V5.06 update 4 (build 422)', folder: 'E:\Keil_v5\ARM\ARMCC\Bin'
Rebuild target 'Target 1'
compiling mymath.c...
compiling delay.c...
compiling mystr.c...
compiling led.c...
compiling sys.c...
compiling myiic.c...
compiling system_stm32f10x.c...
compiling adc.c...
compiling usart.c...
compiling Flash_Save.c...
compiling 24cxx.c...
compiling main.c...
compiling Fixture_Run.c...
compiling stm32f10x_it.c...
assembling startup_stm32f10x_hd.s...
compiling timer.c...
compiling core_cm3.c...
compiling misc.c...
compiling stm32f10x_adc.c...
compiling app.c...
compiling stm32f10x_bkp.c...
compiling stm32f10x_dac.c...
compiling stm32f10x_dbgmcu.c...
compiling stm32f10x_can.c...
compiling stm32f10x_crc.c...
compiling stm32f10x_cec.c...
compiling stm32f10x_exti.c...
compiling stm32f10x_dma.c...
compiling stm32f10x_i2c.c...
compiling stm32f10x_fsmc.c...
compiling stm32f10x_gpio.c...
compiling stm32f10x_flash.c...
compiling stm32f10x_iwdg.c...
compiling stm32f10x_pwr.c...
compiling stm32f10x_rcc.c...
compiling stm32f10x_rtc.c...
compiling stm32f10x_sdio.c...
compiling stm32f10x_spi.c...
compiling stm32f10x_wwdg.c...
compiling stm32f10x_usart.c...
compiling stm32f10x_tim.c...
linking...
Program Size: Code=31364 RO-data=1860 RW-data=400 ZI-data=1896  
FromELF: creating hex file...
".\192 Open Short Test Board.axf" - 0 Error(s), 0 Warning(s).

<h2>Collection of Component include folders:</h2>
  A:\Work_Files\Fixtures_Program\Chicony-2026\Fraction V3\Fixture Files\Gopro F3 MLB_ LCD FPC OS  Function\Fixture Program\USER\RTE\_Target_1
  E:\Keil_v5\ARM\PACK\Keil\STM32F1xx_DFP\2.3.0\Device\Include

<h2>Collection of Component Files used:</h2>
Build Time Elapsed:  00:00:02
</pre>
</body>
</html>
